Starting complete run at Tue Mar 24 07:26:37 EDT 2026
========== RUNNING 01_setup_and_data.R ==========
Registered S3 method overwritten by 'car':
  method           from
  na.action.merMod lme4
All packages loaded successfully.
R version: R version 4.5.3 (2026-03-11) 

=== Loading Database 1: PRISM Weather ===
  Rows: 78525  Cols: 9 
  Sites: S1, S2, S3, S4, S5 
  Date range: 1981-01-01 to 2023-12-31 
  Variables:
# A tibble: 9 × 2
  Variable `Short description`                       
  <chr>    <chr>                                     
1 Site     Site ID (S1 to S5)                        
2 date     Date                                      
3 rain     Rainfall (mm)                             
4 tmin     Minimum daily temperature (°C)            
5 tmean    Average daily temperature (°C)            
6 tmax     Maximum daily temperature (°C)            
7 tdmean   Mean dew point (°C)                       
8 vpdmin   Minimum daily vapor pressure deficit (kPa)
9 vpdmax   Maximum daily vapor pressuer deficit (kPa)

=== Loading Database 2: Phenology ===
  Rows: 2063  Cols: 7 
  Seasons: 2002 to 2023 
  Variables:
# A tibble: 7 × 2
  Variable  `Short description`
  <chr>     <chr>              
1 Site      Site ID (S1 to S5) 
2 Block_ID  Vineyard parcel ID 
3 Season    Growing season/Year
4 Budbreak  Bubdreak date      
5 Flowering Flowering date     
6 Veraison  Veraison date      
7 Harvest   Harvest date       

=== Loading Database 3: Yield & Harvest Date ===
  Rows: 1441  Cols: 5 
  Variables:
# A tibble: 5 × 2
  Variable        `Short description`                           
  <chr>           <chr>                                         
1 Site            Site ID (S1 to S5)                            
2 Block_ID        Vineyard parcel ID                            
3 Season          Growing season/Year                           
4 Avg_Harvest_DOY Average harvest date, as day of the year (DOY)
5 Yield_tha       Vineyard yield (tons/hectare)                 

=== Loading Database 4: Fruit Composition ===
  Rows: 752  Cols: 15 
  Variables:
# A tibble: 15 × 3
   Variable                         Unit  `Short description`                   
   <chr>                            <chr> <chr>                                 
 1 "Site"                           <NA>  Site ID (S1 to S5)                    
 2 "Block_ID"                       <NA>  Vineyard parcel ID                    
 3 "Season"                         <NA>  Growing season/Year                   
 4 "β-Damascenone"                  µg/L  β-Damascenone concentration (precurso…
 5 "1-Octen-3-ol"                   µg/L  1-Octen-3-ol concentration via GC-MS  
 6 "C6 compounds"                   µg/L  C6 compound concentration (alcohol + …
 7 "IBMP"                           ng/L  2-Methoxy-3-isobutylpyrazine concentr…
 8 "Total anthocyanins"             mg/g  Total anthocyanin via HPLC            
 9 "Polymeric tannins"              mg/L  Polymeric tannin via HPLC             
10 "Quercetin glycosides\r\n(mg/L)" mg/L  Quercetin glycosides via HPLC         
11 "TSS"                            °Brix Total soluble solids by FT-IR         
12 "Berry moisture"                 %     Berry moisture by FT-IR               
13 "pH"                             <NA>  ph by FT-IR                           
14 "Malic acid"                     mg/L  Malic acid by FT-IR                   
15 "YAN"                            mg/L  Yeast assimilable nitrogen by FT-IR   

=== Block Area Stability Screening (DB3) ===
  Total blocks: 192 
  Blocks with >1 observation: 189 
  Mean CV of yield: 43.5 %
  WARNING:  1  blocks have CV > 100%, inspect manually:
# A tibble: 1 × 6
  Site  Block_ID n_years mean_yield sd_yield cv_yield
  <chr> <chr>      <int>      <dbl>    <dbl>    <dbl>
1 S3    C85            4       4.37     4.50     103.

=== Site Information ===
  Site Latitude Longitude    Classification Elevation_m Blocks Avg_Block_ha
1   S1   38.638  -122.450       Napa Valley         340     30         4.62
2   S2   38.333  -122.467 Moon Mountain AVA         280     56         2.16
3   S3   38.450  -122.300    Atlas Peak AVA         455    218         1.18
4   S4   38.642  -122.454       Napa Valley         340     18         3.12
5   S5   38.350  -122.267       Napa Valley         114     33         2.20

  NOTE: S1 and S4 share coordinates in the paper. Distinct weather data
        in DB1 suggests slightly different actual positions.

=== Setup Complete ===
Workspace saved to: output/01_data_loaded.RData 
========== RUNNING 02_gdd_phenology.R ==========
=== Section 3: Phenological Data and GDD ===

Phenological DOY summary:
  BB range:   33 220 
  FL range:   125 178 
  VER range:  194 245 
  H range:    242 308 
  BB NA count: 903 of 2245 
  FL NA count: 1108 of 2245 
  VER NA count: 1144 of 2245 
  H NA count: 840 of 2245 

Computing GDD from March 1 (base 10°C)...
  GDD computed for 215 site-years

GDD thresholds at observed phenological events (mean ± sd):
  BB:   GDD_Mar1 = 68 ± 39 
  FL:   GDD_Mar1 = 327 ± 56 
  VER:  GDD_Mar1 = 1085 ± 112 
  H:    GDD_Mar1 = 1830 ± 139 

Imputing missing phenological records via GDD thresholds...
  BB_DOY: 903 missing -> 903 imputed (0 still missing)
  FL_DOY: 1108 missing -> 1108 imputed (0 still missing)
  VER_DOY: 1144 missing -> 1144 imputed (0 still missing)
  H_DOY: 840 missing -> 840 imputed (0 still missing)
Before final imputation, full grid has 215 site-years.

Site-year phenology records (after full grid imputation): 215 
Expected: ~213 site-year combinations

=== Section 3 Complete ===
Saved to: output/02_phenology.RData 
========== RUNNING 03_feature_engineering.R ==========
=== Section 4: Feature Engineering ===

Building feature matrix for 215 site-years...
  Final scaled feature matrix: 215 x 217 
=== Section 4 Complete ===
========== RUNNING 04_hca_clustering.R ==========
=== Section 5: Hierarchical Clustering Analysis ===

Running cluster optimisation diagnostics...
  Saved Supplemental Figure 6 panels to figures/
  Expected: all three methods converge on k = 3

Running HCA with Ward.D2 linkage, k = 3...

Cluster sizes (raw assignment):
raw_clusters
  1   2   3 
 58 140  17 

Cluster characteristics for label assignment:
  cluster_raw   n VER_H_mean_tmax FL_VER_mean_tmax VER_H_n_heat_days
1           1  58           37.94            40.12            1.3448
2           2 140           37.00            37.70            0.4429
3           3  17           42.49            37.94            5.7647
  FL_VER_n_heat_days Full_n_heat_days VER_H_max_hw_vpd VER_H_avg_hw_dur
1             3.5517            4.879           0.9727           0.3793
2             0.8429            1.250           0.5560           0.2000
3             1.1176            6.882           7.3887           3.4118

Raw-to-label mapping:
  Raw 3 -> C1 (POST-V heat)
  Raw 1 -> C2 (PRE-V heat)
  Raw 2 -> C3 (Cool baseline)

Final cluster sizes:

 C1  C2  C3 
 17  58 140 

Expected: C1 = 21, C2 = 70, C3 = 124
  C1: expected=21, actual=17, deviation=19.0% [OK]
  C2: expected=70, actual=58, deviation=17.1% [OK]
  C3: expected=124, actual=140, deviation=12.9% [OK]

Detailed cluster verification:
  cluster   n VER_H_mean_tmax VER_H_n_heat_days VER_H_max_hw_vpd
1      C1  17            42.5             5.765            7.389
2      C2  58            37.9             1.345            0.973
3      C3 140            37.0             0.443            0.556
  VER_H_avg_hw_dur FL_VER_mean_tmax FL_VER_n_heat_days
1            3.412             37.9              1.118
2            0.379             40.1              3.552
3            0.200             37.7              0.843

Expected (from paper Table / Section 5c):
  C1 (POST-V): Tmax avg 42.2°C post-VER, 5.20 heat days, VPD 7.2, dur 3.2
  C2 (PRE-V):  Tmax avg 40.1°C FL-VER, 2.94 heat days
  C3 (Cool):   Tmax avg 37.9°C, ~0 heat days

=== Section 5 Complete ===
Saved to: output/04_clusters.RData
========== RUNNING 05_random_forest_validation.R ==========
=== Section 6: Bootstrap Random Forest Validation ===

Random seed: 42 
Parameters: ntree=500, mtry=7, n_iter=50, Stratified 50:50 split
Data: 215 observations, 217 features

Running bootstrap iterations:
  Iteration 10/50: TER = 7.41%
  Iteration 20/50: TER = 9.26%
  Iteration 30/50: TER = 9.26%
  Iteration 40/50: TER = 8.33%
  Iteration 50/50: TER = 14.81%

=== TER Results ===
  Mean TER:   10.00%
  Median TER: 9.72%
  Max TER:    16.67%
  Min TER:    4.63%
  SD TER:     2.61%

=== Top 20 Features by Mean Decrease Accuracy ===
   1. max_hw_vpd_BLtoVER                  MDA = 5.516
   2. avg_hw_vpd_BLtoVER                  MDA = 5.458
   3. tot_hw_hwu_BBtoH                    MDA = 5.291
   4. HWU_Apr_Oct                         MDA = 5.236
   5. avg_hw_hwu                          MDA = 5.147
   6. hwu_BBtoH                           MDA = 5.143
   7. avg_hw_hwu_BBtoH                    MDA = 5.044
   8. avg_hw_hwu_BLtoVER                  MDA = 5.038
   9. tot_hw_hwu                          MDA = 5.013
  10. max_hw_vpd_BBtoH                    MDA = 4.776
  11. tot_hw_hwu_BLtoVER                  MDA = 4.776
  12. avg_hw_vpd_BBtoH                    MDA = 4.740
  13. max_hw_vpd                          MDA = 4.739
  14. avg_hw_vpd                          MDA = 4.601
  15. hw_hwu_july                         MDA = 4.533
  16. HWU_july                            MDA = 4.492
  17. avg_hw_duration_BLtoVER             MDA = 4.385
  18. hwu_BLtoVER                         MDA = 4.342
  19. vpdmax_july                         MDA = 4.315
  20. Tmax_july                           MDA = 4.302

=== Verification: Top 8 features ===
  Top 8 features:
     max_hw_vpd_BLtoVER 
     avg_hw_vpd_BLtoVER 
     tot_hw_hwu_BBtoH 
     HWU_Apr_Oct 
     avg_hw_hwu 
     hwu_BBtoH 
     avg_hw_hwu_BBtoH 
     avg_hw_hwu_BLtoVER 
  All FL-VER related?: NO (3 of 8)

=== Section 6 Complete ===
========== RUNNING 06_linear_mixed_models.R ==========
=== Section 7: Linear Mixed Models ===

Yield data with cluster labels: 1441 block-year observations
Eligible blocks (>= 2 obs, >= 2 clusters): 187 
Fruit composition data with cluster labels: 752 obs

==== Harvest Date Analysis ====

--- Model: Avg_Harvest_DOY ---
  Observations: 1108 , Blocks: 187 
  Per cluster: C1=435, C2=128, C3=545
  Shapiro-Wilk: W=0.9954, p=0.0021  |  Levene: F=68.72, p=0.0000
  => Assumptions VIOLATED. Switching to nonparametric (Kruskal-Wallis).
  Kruskal-Wallis test: chi-squared = 198.22, p = 0.0000
  Pairwise Wilcoxon rank-sum tests (uncorrected p-values):
      C1 C2
C2 0.138 NA
C3 0.000  0

  Group means and medians:
  cluster  mean median    sd   n
1      C1 275.1    274 15.81 435
2      C2 277.2    280 13.08 128
3      C3 288.4    290 10.45 545

==== Yield Analysis ====

--- Model: Yield_tha ---
  Observations: 1426 , Blocks: 187 
  Per cluster: C1=435, C2=168, C3=823
  Shapiro-Wilk: W=0.9688, p=0.0000  |  Levene: F=22.02, p=0.0000
  => Assumptions VIOLATED. Switching to nonparametric (Kruskal-Wallis).
  Kruskal-Wallis test: chi-squared = 100.75, p = 0.0000
  Pairwise Wilcoxon rank-sum tests (uncorrected p-values):
      C1 C2
C2 0.011 NA
C3 0.000  0

  Group means and medians:
  cluster  mean median    sd   n
1      C1 5.787  5.710 3.105 435
2      C2 5.783  4.509 5.022 168
3      C3 7.781  7.573 4.218 823

==== Fruit Composition Analysis (12 analytes) ====

--- Model: B_Damascenone ---
  Observations: 750 , Blocks: 189 
  Per cluster: C1=244, C2=44, C3=462
  Shapiro-Wilk: W=0.9780, p=0.0000  |  Levene: F=0.65, p=0.5210
  => Assumptions VIOLATED. Switching to nonparametric (Kruskal-Wallis).
  Kruskal-Wallis test: chi-squared = 16.51, p = 0.0003
  Pairwise Wilcoxon rank-sum tests (uncorrected p-values):
       C1    C2
C2 0.0623    NA
C3 0.0042 9e-04

  Group means and medians:
  cluster  mean median    sd   n
1      C1 54.05     53 13.21 244
2      C2 51.18     50 10.54  44
3      C3 57.11     56 13.00 462

--- Model: Octen_3_ol ---
  Observations: 752 , Blocks: 189 
  Per cluster: C1=244, C2=45, C3=463
  Shapiro-Wilk: W=0.8855, p=0.0000  |  Levene: F=159.01, p=0.0000
  => Assumptions VIOLATED. Switching to nonparametric (Kruskal-Wallis).
  Kruskal-Wallis test: chi-squared = 179.74, p = 0.0000
  Pairwise Wilcoxon rank-sum tests (uncorrected p-values):
   C1    C2
C2  0    NA
C3  0 0.215

  Group means and medians:
  cluster  mean median    sd   n
1      C1 50.02   41.5 36.69 244
2      C2 18.89   12.0 16.51  45
3      C3 17.33   14.0 10.88 463

--- Model: C6_compounds ---
  Observations: 752 , Blocks: 189 
  Per cluster: C1=244, C2=45, C3=463
  Shapiro-Wilk: W=0.9355, p=0.0000  |  Levene: F=9.38, p=0.0001
  => Assumptions VIOLATED. Switching to nonparametric (Kruskal-Wallis).
  Kruskal-Wallis test: chi-squared = 35.94, p = 0.0000
  Pairwise Wilcoxon rank-sum tests (uncorrected p-values):
       C1    C2
C2 0.0052    NA
C3 0.0000 0.955

  Group means and medians:
  cluster mean median   sd   n
1      C1 4503   3894 2524 244
2      C2 6043   4904 3740  45
3      C3 5363   4981 2074 463

--- Model: IBMP ---
  Observations: 752 , Blocks: 189 
  Per cluster: C1=244, C2=45, C3=463
  Shapiro-Wilk: W=0.8743, p=0.0000  |  Levene: F=4.41, p=0.0124
  => Assumptions VIOLATED. Switching to nonparametric (Kruskal-Wallis).
  Kruskal-Wallis test: chi-squared = 1.81, p = 0.4047
  Factor not significant.

  Group means and medians:
  cluster  mean median    sd   n
1      C1 3.537      3 3.391 244
2      C2 3.022      3 3.026  45
3      C3 4.114      3 4.461 463

--- Model: Total_anthocyanins ---
  Observations: 752 , Blocks: 189 
  Per cluster: C1=244, C2=45, C3=463
  Shapiro-Wilk: W=0.9940, p=0.0043  |  Levene: F=3.37, p=0.0350
  => Assumptions VIOLATED. Switching to nonparametric (Kruskal-Wallis).
  Kruskal-Wallis test: chi-squared = 142.48, p = 0.0000
  Pairwise Wilcoxon rank-sum tests (uncorrected p-values):
       C1 C2
C2 0.8499 NA
C3 0.0000  0

  Group means and medians:
  cluster  mean median     sd   n
1      C1 1.514   1.51 0.2770 244
2      C2 1.521   1.45 0.2095  45
3      C3 1.774   1.78 0.2632 463

--- Model: Polymeric_tannins ---
  Observations: 752 , Blocks: 189 
  Per cluster: C1=244, C2=45, C3=463
  Shapiro-Wilk: W=0.9832, p=0.0000  |  Levene: F=9.04, p=0.0001
  => Assumptions VIOLATED. Switching to nonparametric (Kruskal-Wallis).
  Kruskal-Wallis test: chi-squared = 237.17, p = 0.0000
  Pairwise Wilcoxon rank-sum tests (uncorrected p-values):
       C1 C2
C2 0.0549 NA
C3 0.0000  0

  Group means and medians:
  cluster mean median    sd   n
1      C1 3803   3823 615.0 244
2      C2 3739   3403 930.3  45
3      C3 2976   2921 553.4 463

--- Model: Quercetin_glycosides ---
  Observations: 752 , Blocks: 189 
  Per cluster: C1=244, C2=45, C3=463
  Shapiro-Wilk: W=0.9812, p=0.0000  |  Levene: F=3.32, p=0.0367
  => Assumptions VIOLATED. Switching to nonparametric (Kruskal-Wallis).
  Kruskal-Wallis test: chi-squared = 5.75, p = 0.0565
  Factor not significant.

  Group means and medians:
  cluster  mean median    sd   n
1      C1 117.5  112.5 36.55 244
2      C2 104.5   98.0 47.32  45
3      C3 117.6  114.0 41.22 463

--- Model: TSS ---
  Observations: 752 , Blocks: 189 
  Per cluster: C1=244, C2=45, C3=463
  Shapiro-Wilk: W=0.9937, p=0.0031  |  Levene: F=44.49, p=0.0000
  => Assumptions VIOLATED. Switching to nonparametric (Kruskal-Wallis).
  Kruskal-Wallis test: chi-squared = 49.17, p = 0.0000
  Pairwise Wilcoxon rank-sum tests (uncorrected p-values):
       C1 C2
C2 0.0000 NA
C3 0.0038  0

  Group means and medians:
  cluster  mean median    sd   n
1      C1 26.62   26.5 2.245 244
2      C2 24.69   25.0 1.209  45
3      C3 26.13   26.2 1.365 463

--- Model: Berry_moisture ---
  Observations: 607 , Blocks: 188 
  Per cluster: C1=244, C2=18, C3=345
  Shapiro-Wilk: W=0.9970, p=0.3213  |  Levene: F=15.78, p=0.0000
  => Assumptions VIOLATED. Switching to nonparametric (Kruskal-Wallis).
  Kruskal-Wallis test: chi-squared = 2.06, p = 0.3569
  Factor not significant.

  Group means and medians:
  cluster  mean median    sd   n
1      C1 69.46  69.56 2.904 244
2      C2 69.28  68.64 3.774  18
3      C3 69.71  69.86 2.157 345

--- Model: pH ---
  Observations: 736 , Blocks: 188 
  Per cluster: C1=228, C2=45, C3=463
  Shapiro-Wilk: W=0.9903, p=0.0001  |  Levene: F=2.60, p=0.0751
  => Assumptions VIOLATED. Switching to nonparametric (Kruskal-Wallis).
  Kruskal-Wallis test: chi-squared = 3.65, p = 0.1610
  Factor not significant.

  Group means and medians:
  cluster  mean median     sd   n
1      C1 3.600  3.575 0.1666 228
2      C2 3.634  3.630 0.1223  45
3      C3 3.609  3.610 0.1525 463

--- Model: Malic_acid ---
  Observations: 734 , Blocks: 188 
  Per cluster: C1=226, C2=45, C3=463
  Shapiro-Wilk: W=0.9879, p=0.0000  |  Levene: F=24.23, p=0.0000
  => Assumptions VIOLATED. Switching to nonparametric (Kruskal-Wallis).
  Kruskal-Wallis test: chi-squared = 284.97, p = 0.0000
  Pairwise Wilcoxon rank-sum tests (uncorrected p-values):
   C1    C2
C2  0    NA
C3  0 4e-04

  Group means and medians:
  cluster mean median    sd   n
1      C1 2372   2450 704.6 226
2      C2 1090   1103 365.4  45
3      C3 1347   1262 472.1 463

--- Model: YAN ---
  Observations: 734 , Blocks: 188 
  Per cluster: C1=226, C2=45, C3=463
  Shapiro-Wilk: W=0.9911, p=0.0002  |  Levene: F=6.93, p=0.0010
  => Assumptions VIOLATED. Switching to nonparametric (Kruskal-Wallis).
  Kruskal-Wallis test: chi-squared = 20.56, p = 0.0000
  Pairwise Wilcoxon rank-sum tests (uncorrected p-values):
       C1     C2
C2 0.0421     NA
C3 0.0000 0.7903

  Group means and medians:
  cluster  mean median    sd   n
1      C1 104.4  113.5 50.38 226
2      C2 122.8  126.0 34.87  45
3      C3 123.7  127.0 41.92 463

==== Vine Age Sub-Analysis ====

-- Young (3-5yr) --

--- Model: Yield_tha ---
  Observations: 1012 , Blocks: 187 
  Per cluster: C1=315, C2=97, C3=600
  Shapiro-Wilk: W=0.9689, p=0.0000  |  Levene: F=20.13, p=0.0000
  => Assumptions VIOLATED. Switching to nonparametric (Kruskal-Wallis).
  Kruskal-Wallis test: chi-squared = 67.06, p = 0.0000
  Pairwise Wilcoxon rank-sum tests (uncorrected p-values):
       C1 C2
C2 0.0025 NA
C3 0.0000  0

  Group means and medians:
  cluster  mean median    sd   n
1      C1 5.835  5.847 2.817 315
2      C2 5.474  4.437 4.983  97
3      C3 7.645  7.550 4.117 600

-- Mature (>5yr) --

--- Model: Yield_tha ---
  Observations: 414 , Blocks: 65 
  Per cluster: C1=120, C2=71, C3=223
  Shapiro-Wilk: W=0.9490, p=0.0000  |  Levene: F=3.87, p=0.0217
  => Assumptions VIOLATED. Switching to nonparametric (Kruskal-Wallis).
  Kruskal-Wallis test: chi-squared = 36.56, p = 0.0000
  Pairwise Wilcoxon rank-sum tests (uncorrected p-values):
       C1    C2
C2 0.8613    NA
C3 0.0000 2e-04

  Group means and medians:
  cluster  mean median    sd   n
1      C1 5.660  4.690 3.768 120
2      C2 6.204  4.686 5.079  71
3      C3 8.146  7.637 4.467 223

=== Section 7 Complete ===
========== RUNNING 07_figures.R ==========
=== Section 8: Figure Generation ===

Generating Figure 2: Attribution procedure (S4 harvest DOY)...
Warning messages:
1: Removed 109 rows containing missing values or values outside the scale range
(`geom_line()`). 
2: Removed 109 rows containing missing values or values outside the scale range
(`geom_point()`). 
Generating Figure 6: Harvest date and yield distributions...
Warning messages:
1: Removed 318 rows containing non-finite outside the scale range
(`stat_ydensity()`). 
2: Removed 278 rows containing missing values or values outside the scale range
(`geom_line()`). 
3: Removed 318 rows containing missing values or values outside the scale range
(`geom_point()`). 
Generating Figure 7: Fruit composition analytes...
Generating Supplemental Figure 15: Yield by vine age...

=== All figures saved to figures/ ===
=== Section 8 Complete ===
========== RUNNING 08_verification_report.R ==========
###################################################################
#                    VERIFICATION REPORT                          #
#          Previtali et al. (2026) Reproduction                   #
###################################################################


=== 1. CLUSTER ASSIGNMENTS ===
  Cluster C1 n                         Target:       21  Actual:    17.00  Dev:  19.0%  [OK]
  Cluster C2 n                         Target:       70  Actual:    58.00  Dev:  17.1%  [OK]
  Cluster C3 n                         Target:      124  Actual:   140.00  Dev:  12.9%  [OK]

=== 2. GDD START DATE ===
  GDD start date: March 1 (as specified, NOT January 1)

=== 3. FEATURE NORMALISATION ===
  Mean of column means: 0.000000 (should be ~0)
  Mean of column SDs:   1.000000 (should be ~1)
  [OK]

=== 4. CLUSTER OPTIMISATION ===
  Three methods (WSS, silhouette, gap) run -> check figures/supp_fig6_*.png
  Expected: all converge on k = 3

=== 5. RANDOM FOREST VALIDATION ===
  Random seed used: 42 
  Mean TER: 10.00% [OK]
  Top 8 MDA features: 3/8 are Pre-Veraison/BLtoVER features
  [OK] — Pre-veraison features correctly identified as important

=== 6. HARVEST DATE RESULTS (Medians) ===
  C3 harvest DOY                       Target:      291  Actual:   290.00  Dev:   0.3%  [OK]
  C2 harvest DOY                       Target:      277  Actual:   280.00  Dev:   1.1%  [OK]
  C1 harvest DOY                       Target:      274  Actual:   274.00  Dev:   0.0%  [OK]

=== 7. YIELD RESULTS (Medians) ===
  C3 yield (t/ha)                      Target:        7  Actual:     7.57  Dev:   8.2%  [OK]
  C1 yield (t/ha)                      Target:      5.5  Actual:     5.71  Dev:   3.8%  [OK]
  C2 yield (t/ha)                      Target:        5  Actual:     4.51  Dev:   9.8%  [OK]

=== 8. FRUIT COMPOSITION RESULTS (Medians) ===

  TSS C3                               Target:       26  Actual:    26.20  Dev:   0.8%  [OK]
  TSS C2                               Target:       26  Actual:    25.00  Dev:   3.8%  [OK]
  TSS C1                               Target:     26.4  Actual:    26.50  Dev:   0.4%  [OK]
  pH C3                                Target:      3.6  Actual:     3.61  Dev:   0.3%  [OK]
  pH C2                                Target:      3.6  Actual:     3.63  Dev:   0.8%  [OK]
  pH C1                                Target:     3.65  Actual:     3.58  Dev:   2.1%  [WARNING]
  Malic_acid C3                        Target:     1338  Actual:  1262.00  Dev:   5.7%  [OK]
  Malic_acid C2                        Target:     1338  Actual:  1103.00  Dev:  17.6%  [OK]
  Malic_acid C1                        Target:     1996  Actual:  2450.50  Dev:  22.8%  [OK]
  YAN C3                               Target:      124  Actual:   127.00  Dev:   2.4%  [OK]
  YAN C2                               Target:       66  Actual:   126.00  Dev:  90.9%  [OK]
  YAN C1                               Target:       94  Actual:   113.50  Dev:  20.7%  [OK]
  Octen_3_ol C3                        Target:     17.1  Actual:    14.00  Dev:  18.1%  [OK]
  Octen_3_ol C2                        Target:     27.8  Actual:    12.00  Dev:  56.8%  [OK]
  Octen_3_ol C1                        Target:     50.2  Actual:    41.50  Dev:  17.3%  [OK]

=== 9. FIGURES CHECK ===
  fig6_harvest_yield.png                   [EXISTS]
  fig7_composition.png                     [EXISTS]
  supp_fig6_wss.png                        [EXISTS]
  supp_fig6_silhouette.png                 [EXISTS]
  supp_fig6_gap.png                        [EXISTS]
  supp_fig15_vine_age.png                  [EXISTS]

###################################################################
#  OVERALL: 34 / 35 checks passed (97%)
###################################################################

=== Verification Report Complete ===
Complete run finished successfully at Tue Mar 24 07:27:11 EDT 2026
